Resource\Texture\a.png a
Resource\Texture\b-3-arm.png b-3-arm
Resource\Texture\b-3-body.png b-3-body
Resource\Texture\b-3-foot.png b-3-foot
Resource\Texture\b-3-hand.png b-3-hand
Resource\Texture\b-3-hbj.png b-3-hbj
Resource\Texture\b-3-head1.png b-3-head1
Resource\Texture\b-3-head2.png b-3-head2
Resource\Texture\b-3-heads1.png b-3-heads1
Resource\Texture\b-3-heads2.png b-3-heads2
Resource\Texture\b-3-heads3.png b-3-heads3
Resource\Texture\b-3-jar.png b-3-jar
Resource\Texture\bed.png bed
Resource\Texture\black.png black
Resource\Texture\box.png box
Resource\Texture\box2.png box2
Resource\Texture\box3.png box3
Resource\Texture\bus.png bus
Resource\Texture\cholegraph.png cholegraph
Resource\Texture\darkhill.png darkhill
Resource\Texture\dead.png dead
Resource\Texture\exit.png exit
Resource\Texture\exitr.png exitr
Resource\Texture\eyes.png eyes
Resource\Texture\flow.png flow
Resource\Texture\g-3-arm.png g-3-arm
Resource\Texture\g-3-body.png g-3-body
Resource\Texture\g-3-foot.png g-3-foot
Resource\Texture\g-3-hand.png g-3-hand
Resource\Texture\g-3-hbj.png g-3-hbj
Resource\Texture\g-3-head1.png g-3-head1
Resource\Texture\g-3-heads1.png g-3-heads1
Resource\Texture\g-3-heads2.png g-3-heads2
Resource\Texture\g-3-heads3.png g-3-heads3
Resource\Texture\g-3-jar.png g-3-jar
Resource\Texture\gray.png gray
Resource\Texture\hairs.png hairs
Resource\Texture\heartgraph.png heartgraph
Resource\Texture\hearts.png hearts
Resource\Texture\hemo.png hemo
Resource\Texture\liver.png liver
Resource\Texture\lungs.png lungs
Resource\Texture\lungs2.png lungs2
Resource\Texture\lungs3.png lungs3
Resource\Texture\man.png man
Resource\Texture\mouths.png mouths
Resource\Texture\msg.png msg
Resource\Texture\msgBox.png msgBox
Resource\Texture\noses.png noses
Resource\Texture\oxygraph.png oxygraph
Resource\Texture\pancreas.png pancreas
Resource\Texture\red.png red
Resource\Texture\smsg.png smsg
Resource\Texture\sofa.png sofa
Resource\Texture\start.png start
Resource\Texture\startr.png startr
Resource\Texture\subway.png subway
Resource\Texture\sugargraph.png sugargraph
Resource\Texture\title.png title
Resource\Texture\ui.png ui
Resource\Texture\w-3-arm.png w-3-arm
Resource\Texture\w-3-body.png w-3-body
Resource\Texture\w-3-foot.png w-3-foot
Resource\Texture\w-3-hand.png w-3-hand
Resource\Texture\w-3-hbj.png w-3-hbj
Resource\Texture\w-3-head1.png w-3-head1
Resource\Texture\w-3-head2.png w-3-head2
Resource\Texture\w-3-heads1.png w-3-heads1
Resource\Texture\w-3-heads2.png w-3-heads2
Resource\Texture\w-3-heads3.png w-3-heads3
Resource\Texture\w-3-jar.png w-3-jar
Resource\Texture\y-3-arm.png y-3-arm
Resource\Texture\y-3-body.png y-3-body
Resource\Texture\y-3-foot.png y-3-foot
Resource\Texture\y-3-hand.png y-3-hand
Resource\Texture\y-3-hbj.png y-3-hbj
Resource\Texture\y-3-head1.png y-3-head1
Resource\Texture\y-3-heads1.png y-3-heads1
Resource\Texture\y-3-heads2.png y-3-heads2
Resource\Texture\y-3-heads3.png y-3-heads3
Resource\Texture\y-3-jar.png y-3-jar
